===== 30-06-2026 23:21:22.78 ===== 

  Reddit Harvest — S26 / A37 / A57
  Window: last 7 day(s)  |  Subreddits: 8  |  Queries: 11

  search "galaxy s26": 32 new post(s)
  search "s26 ultra": 13 new post(s)
  search "s26 plus": 13 new post(s)
  search "s26 fe": 5 new post(s)
  search "samsung s26": 6 new post(s)
  search "galaxy a37": 4 new post(s)
  search "samsung a37": 1 new post(s)
  search "a37 5g": 1 new post(s)
  search "galaxy a57": 13 new post(s)
  search "samsung a57": 13 new post(s)
  search "a57 5g": 1 new post(s)
  r/GalaxyS26: 2 matching post(s)
  r/GalaxyS26Ultra: 8 matching post(s)
  r/GalaxyA57: 1 matching post(s)
  r/GalaxyA56: 0 matching post(s)
  r/GalaxyA37: 0 matching post(s)
  r/samsung: 0 matching post(s)
    rate-limited (429), waiting 5s...
    rate-limited (429), waiting 10s...
    rate-limited (429), waiting 20s...
  r/SamsungGalaxy: 0 matching post(s)
    rate-limited (429), waiting 5s...
    rate-limited (429), waiting 10s...
    rate-limited (429), waiting 20s...
  r/samsunggalaxy: unavailable — skipped
  r/samsunggalaxy: 0 matching post(s)

  Enriching upvotes for 102 post(s) (~2 min)...
    rate-limited (429), waiting 5s...
    rate-limited (429), waiting 10s...
    rate-limited (429), waiting 5s...
    rate-limited (429), waiting 10s...
    rate-limited (429), waiting 5s...
    rate-limited (429), waiting 10s...
    rate-limited (429), waiting 5s...
    rate-limited (429), waiting 10s...
    rate-limited (429), waiting 5s...
    rate-limited (429), waiting 10s...
    rate-limited (429), waiting 5s...
    rate-limited (429), waiting 10s...
    rate-limited (429), waiting 5s...
    rate-limited (429), waiting 10s...
    rate-limited (429), waiting 5s...
    rate-limited (429), waiting 10s...
    rate-limited (429), waiting 5s...
    rate-limited (429), waiting 10s...
    rate-limited (429), waiting 5s...
    enriched 25/102
    enriched 50/102
    enriched 75/102
    enriched 100/102

  ─────────────────────────────
  This run: 113 posts
  S26: 79  (21 short of 100)
  A37: 5  (95 short of 100)
  A57: 30  (70 short of 100)
  Snapshot saved: C:\Users\Prathap\OneDrive\Desktop\reddit-orm-vercel\reports\harvest-2026-06-30.csv
  Master: +15 new, 147 total → C:\Users\Prathap\OneDrive\Desktop\reddit-orm-vercel\reports\master.csv

----- exit 0 ----- 
===== 01-07-2026  0:01:18.18 ===== 

  Reddit Harvest — S26 / A37 / A57
  Window: last 7 day(s)  |  Subreddits: 8  |  Queries: 11

  search "galaxy s26": 32 new post(s)
  search "s26 ultra": 13 new post(s)
  search "s26 plus": 13 new post(s)
  search "s26 fe": 5 new post(s)
  search "samsung s26": 6 new post(s)
  search "galaxy a37": 4 new post(s)
  search "samsung a37": 1 new post(s)
  search "a37 5g": 1 new post(s)
  search "galaxy a57": 13 new post(s)
  search "samsung a57": 13 new post(s)
  search "a57 5g": 1 new post(s)
  r/GalaxyS26: 2 matching post(s)
  r/GalaxyS26Ultra: 8 matching post(s)
  r/GalaxyA57: 1 matching post(s)
  r/GalaxyA56: 0 matching post(s)
  r/GalaxyA37: 0 matching post(s)
  r/samsung: 0 matching post(s)
    rate-limited (429), waiting 5s...
    rate-limited (429), waiting 10s...
    rate-limited (429), waiting 20s...
  r/SamsungGalaxy: 0 matching post(s)
    rate-limited (429), waiting 5s...
    rate-limited (429), waiting 10s...
    rate-limited (429), waiting 20s...
  r/samsunggalaxy: unavailable — skipped
  r/samsunggalaxy: 0 matching post(s)

  Enriching upvotes for 102 post(s) (~2 min)...
    rate-limited (429), waiting 5s...
    rate-limited (429), waiting 10s...
    rate-limited (429), waiting 5s...
    rate-limited (429), waiting 10s...
    rate-limited (429), waiting 5s...
    rate-limited (429), waiting 10s...
    rate-limited (429), waiting 5s...
    rate-limited (429), waiting 10s...
    rate-limited (429), waiting 5s...
    rate-limited (429), waiting 10s...
    rate-limited (429), waiting 5s...
    rate-limited (429), waiting 10s...
    rate-limited (429), waiting 5s...
    rate-limited (429), waiting 10s...
    rate-limited (429), waiting 5s...
    rate-limited (429), waiting 10s...
    rate-limited (429), waiting 5s...
    rate-limited (429), waiting 10s...
    rate-limited (429), waiting 5s...
    rate-limited (429), waiting 10s...
    rate-limited (429), waiting 5s...
    rate-limited (429), waiting 10s...
    rate-limited (429), waiting 5s...
    rate-limited (429), waiting 10s...
    rate-limited (429), waiting 5s...
    enriched 25/102
    enriched 50/102
    enriched 75/102
    enriched 100/102

  ─────────────────────────────
  This run: 113 posts
  S26: 79  (21 short of 100)
  A37: 5  (95 short of 100)
  A57: 30  (70 short of 100)
  Snapshot saved: C:\Users\Prathap\OneDrive\Desktop\reddit-orm-vercel\reports\harvest-2026-06-30.csv
  Master: +0 new, 147 total → C:\Users\Prathap\OneDrive\Desktop\reddit-orm-vercel\reports\master.csv

----- exit 0 ----- 
===== 01-07-2026  9:04:54.88 ===== 

  Reddit Harvest — S26 / A37 / A57
  Window: last 7 day(s)  |  Subreddits: 8  |  Queries: 11

  search "galaxy s26": 0 new post(s)
^C===== 03-07-2026  9:18:40.77 ===== 

  Reddit Harvest — S26 / A37 / A57
  Window: last 7 day(s)  |  Subreddits: 8  |  Queries: 11

  search "galaxy s26 (buy OR buying OR upgrade OR worth OR "should i" OR review OR switch)": 0 new post(s)
  search "s26 ultra (buy OR buying OR upgrade OR worth OR "should i" OR review OR switch)": 0 new post(s)
  search "s26 plus (buy OR buying OR upgrade OR worth OR "should i" OR review OR switch)": 0 new post(s)
  search "s26 fe (buy OR buying OR upgrade OR worth OR "should i" OR review OR switch)": 0 new post(s)
  search "samsung s26 (buy OR buying OR upgrade OR worth OR "should i" OR review OR switch)": 0 new post(s)
  search "galaxy a37 (buy OR buying OR upgrade OR worth OR "should i" OR review OR switch)": 0 new post(s)
  search "samsung a37 (buy OR buying OR upgrade OR worth OR "should i" OR review OR switch)": 0 new post(s)
  search "a37 5g (buy OR buying OR upgrade OR worth OR "should i" OR review OR switch)": 0 new post(s)
  search "galaxy a57 (buy OR buying OR upgrade OR worth OR "should i" OR review OR switch)": 0 new post(s)
  search "samsung a57 (buy OR buying OR upgrade OR worth OR "should i" OR review OR switch)": 0 new post(s)
  search "a57 5g (buy OR buying OR upgrade OR worth OR "should i" OR review OR switch)": 0 new post(s)
  r/GalaxyS26: unavailable — skipped
  r/GalaxyS26: 0 matching post(s)
  r/GalaxyS26Ultra: unavailable — skipped
  r/GalaxyS26Ultra: 0 matching post(s)
  r/GalaxyA57: unavailable — skipped
  r/GalaxyA57: 0 matching post(s)
  r/GalaxyA56: unavailable — skipped
  r/GalaxyA56: 0 matching post(s)
  r/GalaxyA37: unavailable — skipped
  r/GalaxyA37: 0 matching post(s)
  r/samsung: unavailable — skipped
  r/samsung: 0 matching post(s)
  r/SamsungGalaxy: unavailable — skipped
  r/SamsungGalaxy: 0 matching post(s)
  r/samsunggalaxy: unavailable — skipped
  r/samsunggalaxy: 0 matching post(s)

  ─────────────────────────────
  This run: 0 posts
  S26: 0  (500 short of 500)
  A37: 0  (500 short of 500)
  A57: 0  (500 short of 500)
  Snapshot saved: C:\Users\Prathap\OneDrive\Desktop\reddit-orm-vercel\reports\harvest-2026-07-03.csv
  Master: +0 new, 147 total → C:\Users\Prathap\OneDrive\Desktop\reddit-orm-vercel\reports\master.csv

----- exit 0 ----- 
===== 04-07-2026 12:45:46.73 ===== 

  Reddit Harvest — S26 / A37 / A57
  Window: last 7 day(s)  |  Subreddits: 8  |  Queries: 11

^C===== 05-07-2026 15:39:10.95 ===== 

  Reddit Harvest — S26 / A37 / A57
  Window: last 7 day(s)  |  Subreddits: 8  |  Queries: 11

  search "galaxy s26 (buy OR buying OR upgrade OR worth OR "should i" OR review OR switch)": 0 new post(s)
  search "s26 ultra (buy OR buying OR upgrade OR worth OR "should i" OR review OR switch)": 0 new post(s)
  search "s26 plus (buy OR buying OR upgrade OR worth OR "should i" OR review OR switch)": 0 new post(s)
  search "s26 fe (buy OR buying OR upgrade OR worth OR "should i" OR review OR switch)": 0 new post(s)
  search "samsung s26 (buy OR buying OR upgrade OR worth OR "should i" OR review OR switch)": 0 new post(s)
  search "galaxy a37 (buy OR buying OR upgrade OR worth OR "should i" OR review OR switch)": 0 new post(s)
  search "samsung a37 (buy OR buying OR upgrade OR worth OR "should i" OR review OR switch)": 0 new post(s)
  search "a37 5g (buy OR buying OR upgrade OR worth OR "should i" OR review OR switch)": 0 new post(s)
  search "galaxy a57 (buy OR buying OR upgrade OR worth OR "should i" OR review OR switch)": 0 new post(s)
  search "samsung a57 (buy OR buying OR upgrade OR worth OR "should i" OR review OR switch)": 0 new post(s)
  search "a57 5g (buy OR buying OR upgrade OR worth OR "should i" OR review OR switch)": 0 new post(s)
  r/GalaxyS26: unavailable — skipped
  r/GalaxyS26: 0 matching post(s)
  r/GalaxyS26Ultra: unavailable — skipped
  r/GalaxyS26Ultra: 0 matching post(s)
  r/GalaxyA57: unavailable — skipped
  r/GalaxyA57: 0 matching post(s)
  r/GalaxyA56: unavailable — skipped
  r/GalaxyA56: 0 matching post(s)
  r/GalaxyA37: unavailable — skipped
  r/GalaxyA37: 0 matching post(s)
  r/samsung: unavailable — skipped
  r/samsung: 0 matching post(s)
  r/SamsungGalaxy: unavailable — skipped
  r/SamsungGalaxy: 0 matching post(s)
  r/samsunggalaxy: unavailable — skipped
  r/samsunggalaxy: 0 matching post(s)

  ─────────────────────────────
  This run: 0 posts
  S26: 0  (500 short of 500)
  A37: 0  (500 short of 500)
  A57: 0  (500 short of 500)
  Snapshot saved: C:\Users\Prathap\OneDrive\Desktop\reddit-orm-vercel\reports\harvest-2026-07-05.csv
  Master: +0 new, 147 total → C:\Users\Prathap\OneDrive\Desktop\reddit-orm-vercel\reports\master.csv

----- exit 0 ----- 
===== 06-07-2026  9:00:02.20 ===== 

  Reddit Harvest — S26 / A37 / A57
  Window: last 7 day(s)  |  Subreddits: 8  |  Queries: 11

^C